[backblue.gif]
[fade.gif]
[index.html]
[foodia.dexignzone.com/xhtml/assets/images/favicon.png]
[foodia.dexignzone.com/xhtml/manifest.json]
[foodia.dexignzone.com/xhtml/assets/images/message/pic5.jpg]
[foodia.dexignzone.com/xhtml/assets/images/food/food1.png]
[foodia.dexignzone.com/xhtml/assets/images/food/food2.png]
[foodia.dexignzone.com/xhtml/assets/images/food/food3.png]
[foodia.dexignzone.com/xhtml/assets/images/food/pic6.png]
[foodia.dexignzone.com/xhtml/assets/images/food/pic3.png]
[foodia.dexignzone.com/xhtml/assets/images/icon.png]
[foodia.dexignzone.com/xhtml/assets/js/jquery.js]
[foodia.dexignzone.com/xhtml/assets/vendor/bootstrap/js/bootstrap.bundle.min.js]
[foodia.dexignzone.com/xhtml/assets/vendor/swiper/swiper-bundle.min.js]
[foodia.dexignzone.com/xhtml/assets/js/dz.carousel.js]
[foodia.dexignzone.com/xhtml/assets/vendor/bootstrap-touchspin/dist/jquery.bootstrap-touchspin.min.js]
[foodia.dexignzone.com/xhtml/assets/js/settings.js]
[foodia.dexignzone.com/xhtml/assets/js/custom.js]
[foodia.dexignzone.com/xhtml/index.js]
[foodia.dexignzone.com/xhtml/index.html]
[makaanlelo.com/tf_products_007/foodia/xhtml/social-image.html]
[foodia.dexignzone.com/xhtml/assets/vendor/bootstrap-touchspin/dist/jquery.bootstrap-touchspin.min.css]
[foodia.dexignzone.com/xhtml/assets/vendor/swiper/swiper-bundle.min.css]
[foodia.dexignzone.com/xhtml/assets/images/vector.png]
[foodia.dexignzone.com/xhtml/assets/images/bg-shape.jpg]
[foodia.dexignzone.com/xhtml/assets/css/style.css]
[foodia.dexignzone.com/xhtml/assets/images/welcome/man.png]
[foodia.dexignzone.com/xhtml/assets/images/welcome/waiter.png]
[foodia.dexignzone.com/xhtml/welcome.html]
[foodia.dexignzone.com/xhtml/pages.html]
[foodia.dexignzone.com/xhtml/ui-components.html]
[foodia.dexignzone.com/xhtml/assets/images/author/pic1.png]
[foodia.dexignzone.com/xhtml/assets/images/avatar/1.jpg]
[foodia.dexignzone.com/xhtml/assets/images/avatar/2.jpg]
[foodia.dexignzone.com/xhtml/assets/images/avatar/3.jpg]
[foodia.dexignzone.com/xhtml/assets/images/avatar/4.jpg]
[foodia.dexignzone.com/xhtml/assets/images/avatar/5.jpg]
[foodia.dexignzone.com/xhtml/notification.html]
[foodia.dexignzone.com/xhtml/assets/images/message/pic6.jpg]
[foodia.dexignzone.com/xhtml/profile.html]
[foodia.dexignzone.com/xhtml/assets/images/message/pic1.jpg]
[foodia.dexignzone.com/xhtml/assets/images/message/pic2.jpg]
[foodia.dexignzone.com/xhtml/assets/images/message/pic3.jpg]
[foodia.dexignzone.com/xhtml/assets/images/message/pic4.jpg]
[foodia.dexignzone.com/xhtml/messages.html]
[foodia.dexignzone.com/xhtml/assets/images/shop.png]
[foodia.dexignzone.com/xhtml/assets/images/truck.png]
[foodia.dexignzone.com/xhtml/assets/images/delivery.png]
[foodia.dexignzone.com/xhtml/assets/vendor/wow/dist/wow.min.js]
[foodia.dexignzone.com/xhtml/onboading.html]
[foodia.dexignzone.com/xhtml/assets/images/food/pic1.png]
[foodia.dexignzone.com/xhtml/assets/images/food/pic2.png]
[foodia.dexignzone.com/xhtml/assets/images/food/pic4.png]
[foodia.dexignzone.com/xhtml/assets/images/food/pic5.png]
[foodia.dexignzone.com/xhtml/assets/vendor/bootstrap-select/dist/js/bootstrap-select.min.js]
[foodia.dexignzone.com/xhtml/assets/vendor/nouislider/nouislider.min.js]
[foodia.dexignzone.com/xhtml/assets/vendor/wnumb/wNumb.js]
[foodia.dexignzone.com/xhtml/assets/js/noui-slider.init.js]
[foodia.dexignzone.com/xhtml/product.html]
[foodia.dexignzone.com/xhtml/order-list.html]
[foodia.dexignzone.com/xhtml/assets/images/payment/visa.png]
[foodia.dexignzone.com/xhtml/assets/images/payment/mastercard.png]
[foodia.dexignzone.com/xhtml/assets/images/payment/discover.png]
[foodia.dexignzone.com/xhtml/assets/images/payment/card.png]
[foodia.dexignzone.com/xhtml/assets/images/payment/visa-white.png]
[foodia.dexignzone.com/xhtml/payment.html]
[foodia.dexignzone.com/xhtml/assets/vendor/fontawesome/webfonts/fa-brands-400.woff2]
[foodia.dexignzone.com/xhtml/assets/vendor/fontawesome/webfonts/fa-brands-400.ttf]
[foodia.dexignzone.com/xhtml/assets/vendor/fontawesome/webfonts/fa-regular-400.woff2]
[foodia.dexignzone.com/xhtml/assets/vendor/fontawesome/webfonts/fa-regular-400.ttf]
[foodia.dexignzone.com/xhtml/assets/vendor/fontawesome/webfonts/fa-solid-900.woff2]
[foodia.dexignzone.com/xhtml/assets/vendor/fontawesome/webfonts/fa-solid-900.ttf]
[foodia.dexignzone.com/xhtml/assets/vendor/fontawesome/webfonts/fa-v4compatibility.woff2]
[foodia.dexignzone.com/xhtml/assets/vendor/fontawesome/webfonts/fa-v4compatibility.ttf]
[foodia.dexignzone.com/xhtml/assets/vendor/fontawesome/css/all.min.css]
[foodia.dexignzone.com/xhtml/assets/vendor/flaticon/flaticon1486.ttf]
[foodia.dexignzone.com/xhtml/assets/vendor/flaticon/flaticon1486.woff]
[foodia.dexignzone.com/xhtml/assets/vendor/flaticon/flaticon1486.woff2]
[foodia.dexignzone.com/xhtml/assets/vendor/flaticon/flaticon1486.eot]
[foodia.dexignzone.com/xhtml/assets/vendor/flaticon/flaticon.css]
[foodia.dexignzone.com/xhtml/assets/vendor/uicons-solid-rounded/webfonts/uicons-solid-rounded.eot]
[foodia.dexignzone.com/xhtml/assets/vendor/uicons-solid-rounded/webfonts/uicons-solid-rounded.woff2]
[foodia.dexignzone.com/xhtml/assets/vendor/uicons-solid-rounded/webfonts/uicons-solid-rounded.woff]
[foodia.dexignzone.com/xhtml/assets/vendor/uicons-solid-rounded/css/uicons-solid-rounded.css]
[foodia.dexignzone.com/xhtml/assets/vendor/line-awesome/fonts/la-brands-400.eot]
[foodia.dexignzone.com/xhtml/assets/vendor/line-awesome/fonts/la-brands-400d41d.eot]
[foodia.dexignzone.com/xhtml/assets/vendor/line-awesome/fonts/la-brands-400.woff2]
[foodia.dexignzone.com/xhtml/assets/vendor/line-awesome/fonts/la-brands-400.woff]
[foodia.dexignzone.com/xhtml/assets/vendor/line-awesome/fonts/la-brands-400.ttf]
[foodia.dexignzone.com/xhtml/assets/vendor/line-awesome/fonts/la-regular-400.eot]
[foodia.dexignzone.com/xhtml/assets/vendor/line-awesome/fonts/la-regular-400d41d.eot]
[foodia.dexignzone.com/xhtml/assets/vendor/line-awesome/fonts/la-regular-400.woff2]
[foodia.dexignzone.com/xhtml/assets/vendor/line-awesome/fonts/la-regular-400.woff]
[foodia.dexignzone.com/xhtml/assets/vendor/line-awesome/fonts/la-regular-400.ttf]
[foodia.dexignzone.com/xhtml/assets/vendor/line-awesome/fonts/la-solid-900.eot]
[foodia.dexignzone.com/xhtml/assets/vendor/line-awesome/fonts/la-solid-900d41d.eot]
[foodia.dexignzone.com/xhtml/assets/vendor/line-awesome/fonts/la-solid-900.woff2]
[foodia.dexignzone.com/xhtml/assets/vendor/line-awesome/fonts/la-solid-900.woff]
[foodia.dexignzone.com/xhtml/assets/vendor/line-awesome/fonts/la-solid-900.ttf]
[foodia.dexignzone.com/xhtml/assets/vendor/line-awesome/css/line-awesome.min.css]
[foodia.dexignzone.com/xhtml/assets/vendor/themify-icons/fonts/themify9f249f24.eot]
[foodia.dexignzone.com/xhtml/assets/vendor/themify-icons/fonts/themifyd41dd41d.eot]
[foodia.dexignzone.com/xhtml/assets/vendor/themify-icons/fonts/themify.woff]
[foodia.dexignzone.com/xhtml/assets/vendor/themify-icons/fonts/themify.ttf]
[foodia.dexignzone.com/xhtml/assets/vendor/themify-icons/css/themify-icons.css]
[foodia.dexignzone.com/xhtml/assets/images/logo.svg]
[foodia.dexignzone.com/xhtml/login.html]
[foodia.dexignzone.com/xhtml/product-detail.html]
[foodia.dexignzone.com/xhtml/payment-confirm.html]
[foodia.dexignzone.com/xhtml/checkout.html]
[foodia.dexignzone.com/xhtml/assets/images/emoji/emoji-1.png]
[foodia.dexignzone.com/xhtml/assets/images/emoji/emoji-2.png]
[foodia.dexignzone.com/xhtml/assets/images/emoji/emoji-3.png]
[foodia.dexignzone.com/xhtml/assets/images/emoji/emoji-4.png]
[foodia.dexignzone.com/xhtml/assets/images/emoji/emoji-5.png]
[foodia.dexignzone.com/xhtml/assets/images/emoji/emoji-6.png]
[foodia.dexignzone.com/xhtml/assets/images/emoji/emoji-7.png]
[foodia.dexignzone.com/xhtml/messages-detail.html]
[foodia.dexignzone.com/xhtml/signup.html]
[foodia.dexignzone.com/xhtml/error.html]
[foodia.dexignzone.com/xhtml/ui-accordion.html]
[foodia.dexignzone.com/xhtml/ui-action-modal.html]
[foodia.dexignzone.com/xhtml/ui-action-sheet.html]
[foodia.dexignzone.com/xhtml/ui-alert.html]
[foodia.dexignzone.com/xhtml/assets/vendor/highlightjs/highlight.pack.min.js]
[foodia.dexignzone.com/xhtml/assets/vendor/star-rating/jquery.star-rating-svg.js]
[foodia.dexignzone.com/xhtml/ui-avatar.html]
[foodia.dexignzone.com/xhtml/ui-button.html]
[foodia.dexignzone.com/xhtml/ui-radio.html]
[foodia.dexignzone.com/xhtml/ui-badge.html]
[foodia.dexignzone.com/xhtml/ui-button-group.html]
[foodia.dexignzone.com/xhtml/ui-card.html]
[foodia.dexignzone.com/xhtml/assets/vendor/chart-js/chart.min.js]
[foodia.dexignzone.com/xhtml/assets/js/plugins/chartjs-init.js]
[foodia.dexignzone.com/xhtml/charts.html]
[foodia.dexignzone.com/xhtml/ui-chips.html]
[foodia.dexignzone.com/xhtml/ui-dropdown.html]
[foodia.dexignzone.com/xhtml/assets/vendor/imageuplodify/imageuploadify.min.js]
[foodia.dexignzone.com/xhtml/ui-input.html]
[foodia.dexignzone.com/xhtml/assets/images/avatar/7.jpg]
[foodia.dexignzone.com/xhtml/assets/images/avatar/8.jpg]
[foodia.dexignzone.com/xhtml/ui-timeline.html]
[foodia.dexignzone.com/xhtml/assets/images/avatar/6.jpg]
[foodia.dexignzone.com/xhtml/ui-list-group.html]
[foodia.dexignzone.com/xhtml/ui-modal.html]
[foodia.dexignzone.com/xhtml/ui-progressbar.html]
[foodia.dexignzone.com/xhtml/ui-social.html]
[foodia.dexignzone.com/xhtml/ui-typography.html]
[foodia.dexignzone.com/xhtml/ui-toast.html]
[foodia.dexignzone.com/xhtml/assets/js/treeview.init.js]
[foodia.dexignzone.com/xhtml/assets/vendor/jstree/dist/jstree.min.js]
[foodia.dexignzone.com/xhtml/ui-treeview.html]
[foodia.dexignzone.com/xhtml/ui-tab.html]
[foodia.dexignzone.com/xhtml/ui-switch.html]
[foodia.dexignzone.com/xhtml/ui-stepper.html]
[foodia.dexignzone.com/xhtml/ui-spinner.html]
[foodia.dexignzone.com/xhtml/ui-range-slider.html]
[foodia.dexignzone.com/xhtml/assets/images/restro/pic1.jpg]
[foodia.dexignzone.com/xhtml/assets/images/restro/pic2.jpg]
[foodia.dexignzone.com/xhtml/assets/images/restro/pic3.jpg]
[foodia.dexignzone.com/xhtml/assets/images/restro/pic4.jpg]
[foodia.dexignzone.com/xhtml/assets/images/restro/pic5.jpg]
[foodia.dexignzone.com/xhtml/assets/images/restro/pic6.jpg]
[foodia.dexignzone.com/xhtml/assets/vendor/lightgallery/dist/lightgallery.umd.js]
[foodia.dexignzone.com/xhtml/assets/vendor/lightgallery/dist/plugins/thumbnail/lg-thumbnail.umd.js]
[foodia.dexignzone.com/xhtml/assets/vendor/lightgallery/dist/plugins/zoom/lg-zoom.umd.js]
[foodia.dexignzone.com/xhtml/ui-lightgallery.html]
[foodia.dexignzone.com/xhtml/ui-divider.html]
[foodia.dexignzone.com/xhtml/language.html]
[foodia.dexignzone.com/xhtml/assets/vendor/wow/css/libs/animate.css]
[foodia.dexignzone.com/xhtml/assets/images/logo-item/spoon1.svg]
[foodia.dexignzone.com/xhtml/assets/images/logo-item/spoon2.svg]
[foodia.dexignzone.com/xhtml/assets/vendor/bootstrap-select/dist/css/bootstrap-select.min.css]
[foodia.dexignzone.com/xhtml/assets/vendor/nouislider/nouislider.min.css]
[foodia.dexignzone.com/xhtml/assets/images/svg/ramen.svg]
[foodia.dexignzone.com/xhtml/assets/images/svg/pizza.svg]
[foodia.dexignzone.com/xhtml/assets/images/svg/burger.svg]
[foodia.dexignzone.com/xhtml/assets/images/svg/french-fries.svg]
[foodia.dexignzone.com/xhtml/assets/images/svg/food.svg]
[foodia.dexignzone.com/xhtml/tracking-order.html]
[foodia.dexignzone.com/xhtml/assets/images/svg/india-flag-icon.svg]
[foodia.dexignzone.com/xhtml/assets/vendor/flaticon/flaticon1486.svg]
[foodia.dexignzone.com/xhtml/assets/vendor/line-awesome/fonts/la-brands-400.svg]
[foodia.dexignzone.com/xhtml/assets/vendor/line-awesome/fonts/la-regular-400.svg]
[foodia.dexignzone.com/xhtml/assets/vendor/line-awesome/fonts/la-solid-900.svg]
[foodia.dexignzone.com/xhtml/assets/vendor/themify-icons/fonts/themify9f249f24.svg]
[foodia.dexignzone.com/xhtml/forgot-password.html]
[foodia.dexignzone.com/xhtml/assets/images/bg1.jpg]
[foodia.dexignzone.com/xhtml/assets/images/food/1.jpg]
[foodia.dexignzone.com/xhtml/assets/images/food/2.jpg]
[foodia.dexignzone.com/xhtml/assets/images/food/3.jpg]
[foodia.dexignzone.com/xhtml/assets/images/food/4.jpg]
[foodia.dexignzone.com/xhtml/order.html]
[foodia.dexignzone.com/xhtml/assets/images/map2.png]
[foodia.dexignzone.com/xhtml/tracking-order2.html]
[foodia.dexignzone.com/xhtml/assets/vendor/star-rating/star-rating-svg.css]
[foodia.dexignzone.com/xhtml/assets/vendor/imageuplodify/imageuploadify.min.css]
[foodia.dexignzone.com/xhtml/assets/vendor/jstree/dist/themes/default/32px.png]
[foodia.dexignzone.com/xhtml/assets/vendor/jstree/dist/themes/default/throbber.gif]
[foodia.dexignzone.com/xhtml/assets/vendor/jstree/dist/themes/default/40px.png]
[foodia.dexignzone.com/xhtml/assets/vendor/jstree/dist/themes/default/style.min.css]
[foodia.dexignzone.com/xhtml/assets/vendor/lightgallery/dist/fonts/lgb687.woff2]
[foodia.dexignzone.com/xhtml/assets/vendor/lightgallery/dist/fonts/lgb687.ttf]
[foodia.dexignzone.com/xhtml/assets/vendor/lightgallery/dist/fonts/lgb687.woff]
[foodia.dexignzone.com/xhtml/assets/vendor/lightgallery/dist/images/loading.gif]
[foodia.dexignzone.com/xhtml/assets/vendor/lightgallery/dist/css/lightgallery.css]
[foodia.dexignzone.com/xhtml/assets/vendor/lightgallery/dist/css/lg-thumbnail.css]
[foodia.dexignzone.com/xhtml/assets/vendor/lightgallery/dist/css/lg-zoom.css]
[foodia.dexignzone.com/xhtml/otp-confirm.html]
[foodia.dexignzone.com/xhtml/assets/vendor/lightgallery/dist/fonts/lgb687.svg]
[foodia.dexignzone.com/xhtml/change-password.html]
